error[E0308]: mismatched types
  --> $DIR/type-mismatch-same-crate-name.rs:16:20
   |
LL |         a::try_foo(foo2);
   |                    ^^^^ expected struct `Foo`, found struct `main::a::Foo`
   |
   = note: expected type `Foo`
              found type `main::a::Foo`
            reachable by `use main::a::Foo;`
note: Perhaps two different versions of crate `crate_a1` are being used?
  --> $DIR/type-mismatch-same-crate-name.rs:16:20
   |
LL |         a::try_foo(foo2);
   |                    ^^^^

error[E0308]: mismatched types
  --> $DIR/type-mismatch-same-crate-name.rs:22:20
   |
LL |         a::try_bar(bar2);
   |                    ^^^^ expected trait `Bar`, found trait `main::a::Bar`
   |
   = note: expected type `Box<(dyn Bar + 'static)>`
              found type `Box<dyn main::a::Bar>`
            reachable by `use main::a::Bar;`
note: Perhaps two different versions of crate `crate_a1` are being used?
  --> $DIR/type-mismatch-same-crate-name.rs:22:20
   |
LL |         a::try_bar(bar2);
   |                    ^^^^

error: aborting due to 2 previous errors

For more information about this error, try `rustc --explain E0308`.
