error[E0308]: mismatched types
  --> $DIR/abridged.rs:16:5
   |
LL | fn a() -> Foo {
   |           --- expected `Foo` because of return type
LL |     Some(Foo { bar: 1 })
   |     ^^^^^^^^^^^^^^^^^^^^ expected struct `Foo`, found enum `Option`
   |
   = note: expected type `Foo`
              found type `Option<Foo>`

error[E0308]: mismatched types
  --> $DIR/abridged.rs:20:5
   |
LL | fn a2() -> Foo {
   |            --- expected `Foo` because of return type
LL |     Ok(Foo { bar: 1})
   |     ^^^^^^^^^^^^^^^^^ expected struct `Foo`, found enum `Result`
   |
   = note: expected type `Foo`
              found type `Result<Foo, _>`

error[E0308]: mismatched types
  --> $DIR/abridged.rs:24:5
   |
LL | fn b() -> Option<Foo> {
   |           ----------- expected `std::option::Option<Foo>` because of return type
LL |     Foo { bar: 1 }
   |     ^^^^^^^^^^^^^^ expected enum `Option`, found struct `Foo`
   |
   = note: expected type `Option<Foo>`
              found type `Foo`

error[E0308]: mismatched types
  --> $DIR/abridged.rs:28:5
   |
LL | fn c() -> Result<Foo, Bar> {
   |           ---------------- expected `std::result::Result<Foo, Bar>` because of return type
LL |     Foo { bar: 1 }
   |     ^^^^^^^^^^^^^^ expected enum `Result`, found struct `Foo`
   |
   = note: expected type `Result<Foo, Bar>`
              found type `Foo`

error[E0308]: mismatched types
  --> $DIR/abridged.rs:39:5
   |
LL | fn d() -> X<X<String, String>, String> {
   |           ---------------------------- expected `X<X<std::string::String, std::string::String>, std::string::String>` because of return type
...
LL |     x
   |     ^ expected struct `String`, found integer
   |
   = note: expected type `X<X<_, String>, String>`
              found type `X<X<_, {integer}>, {integer}>`

error[E0308]: mismatched types
  --> $DIR/abridged.rs:50:5
   |
LL | fn e() -> X<X<String, String>, String> {
   |           ---------------------------- expected `X<X<std::string::String, std::string::String>, std::string::String>` because of return type
...
LL |     x
   |     ^ expected struct `String`, found integer
   |
   = note: expected type `X<X<_, String>, _>`
              found type `X<X<_, {integer}>, _>`

error[E0308]: mismatched types
  --> $DIR/abridged.rs:54:5
   |
LL | fn f() -> String {
   |           ------ expected `std::string::String` because of return type
LL |     1+2
   |     ^^^
   |     |
   |     expected struct `String`, found integer
   |     help: try using a conversion method: `(1+2).to_string()`
   |
   = note: expected type `String`
              found type `{integer}`

error[E0308]: mismatched types
  --> $DIR/abridged.rs:59:5
   |
LL | fn g() -> String {
   |           ------ expected `std::string::String` because of return type
LL |     -2
   |     ^^
   |     |
   |     expected struct `String`, found integer
   |     help: try using a conversion method: `(-2).to_string()`
   |
   = note: expected type `String`
              found type `{integer}`

error: aborting due to 8 previous errors

For more information about this error, try `rustc --explain E0308`.
