error[E0308]: mismatched types
  --> $DIR/issue-33884.rs:8:22
   |
LL |     stream.write_fmt(format!("message received"))
   |                      ^^^^^^^^^^^^^^^^^^^^^^^^^^^ expected struct `Arguments`, found struct `String`
   |
   = note: expected type `Arguments<'_>`
              found type `String`
            reachable by `use std::fmt::Arguments;`
   = note: this error originates in a macro outside of the current crate (in Nightly builds, run with -Z external-macro-backtrace for more info)

error: aborting due to previous error

For more information about this error, try `rustc --explain E0308`.
